2024-04-26 11:28:29.869 | INFO     | psypose.pose_estimation:estimate_pose:252 - Demo options: 
 Namespace(save_vertices=False, cfg='/safestore/users/landry/.local/lib/python3.10/site-packages/pare/data/pare/checkpoints/pare_w_3dpw_config.yaml', ckpt='/safestore/users/landry/.local/lib/python3.10/site-packages/pare/data/pare/checkpoints/pare_w_3dpw_checkpoint.ckpt', exp='', mode='video', vid_file=None, image_folder=None, output_folder='logs/demo/demo_results', tracking_method='bbox', detector='yolo', yolo_img_size=416, tracker_batch_size=12, staf_dir='/home/mkocabas/developments/openposetrack', batch_size=4, display=False, smooth=True, min_cutoff=0.004, beta=0.7, no_render=True, no_save=True, wireframe=False, sideview=False, draw_keypoints=False, save_obj=False, shot_detection=True, static_cam=True, expected_n_people=None)
2024-04-26 11:28:30.326 | INFO     | pare.models.backbone.hrnet:init_weights:530 - => init weights from normal distribution
2024-04-26 11:28:30.458 | WARNING  | pare.models.backbone.hrnet:init_weights:558 - IMPORTANT WARNING!! Please download pre-trained models if you are in TRAINING mode!
2024-04-26 11:28:30.459 | INFO     | pare.models.head.pare_head:__init__:125 - "Keypoint Attention" should be activated to be able to use part segmentation
2024-04-26 11:28:30.459 | INFO     | pare.models.head.pare_head:__init__:126 - Overriding use_keypoint_attention
2024-04-26 11:28:30.550 | INFO     | pare.models.head.pare_head:__init__:327 - Keypoint attention is active
2024-04-26 11:28:38.024 | INFO     | psypose.run_pare:_load_pretrained_model:117 - Loading pretrained model from /safestore/users/landry/.local/lib/python3.10/site-packages/pare/data/pare/checkpoints/pare_w_3dpw_checkpoint.ckpt
2024-04-26 11:28:40.090 | WARNING  | pare.utils.train_utils:load_pretrained_model:45 - Removing "model." keyword from state_dict keys..
2024-04-26 11:28:40.138 | INFO     | psypose.run_pare:_load_pretrained_model:120 - Loaded pretrained weights from "/safestore/users/landry/.local/lib/python3.10/site-packages/pare/data/pare/checkpoints/pare_w_3dpw_checkpoint.ckpt"
2024-04-26 11:28:40.143 | INFO     | psypose.pose_estimation:estimate_pose:258 - Input video number of frames 570
2024-04-26 11:28:51.919 | INFO     | psypose.run_pare:run_on_video:291 - Running PARE on each tracklet...
2024-04-26 11:28:58.661 | INFO     | psypose.run_pare:run_on_video:363 - Running smoothing on person 1, min_cutoff: 0.004, beta: 0.7
2024-04-26 11:29:00.683 | INFO     | psypose.run_pare:run_on_video:374 - Converting smpl keypoints 2d to original image coordinate
2024-04-26 11:30:18.876 | INFO     | psypose.pose_estimation:estimate_pose:252 - Demo options: 
 Namespace(save_vertices=False, cfg='/safestore/users/landry/.local/lib/python3.10/site-packages/pare/data/pare/checkpoints/pare_w_3dpw_config.yaml', ckpt='/safestore/users/landry/.local/lib/python3.10/site-packages/pare/data/pare/checkpoints/pare_w_3dpw_checkpoint.ckpt', exp='', mode='video', vid_file=None, image_folder=None, output_folder='logs/demo/demo_results', tracking_method='bbox', detector='yolo', yolo_img_size=416, tracker_batch_size=12, staf_dir='/home/mkocabas/developments/openposetrack', batch_size=4, display=False, smooth=True, min_cutoff=0.004, beta=0.7, no_render=True, no_save=True, wireframe=False, sideview=False, draw_keypoints=False, save_obj=False, shot_detection=True, static_cam=True, expected_n_people=None)
2024-04-26 11:30:19.100 | INFO     | pare.models.backbone.hrnet:init_weights:530 - => init weights from normal distribution
2024-04-26 11:30:19.230 | WARNING  | pare.models.backbone.hrnet:init_weights:558 - IMPORTANT WARNING!! Please download pre-trained models if you are in TRAINING mode!
2024-04-26 11:30:19.230 | INFO     | pare.models.head.pare_head:__init__:125 - "Keypoint Attention" should be activated to be able to use part segmentation
2024-04-26 11:30:19.230 | INFO     | pare.models.head.pare_head:__init__:126 - Overriding use_keypoint_attention
2024-04-26 11:30:19.240 | INFO     | pare.models.head.pare_head:__init__:327 - Keypoint attention is active
2024-04-26 11:30:20.151 | INFO     | psypose.run_pare:_load_pretrained_model:117 - Loading pretrained model from /safestore/users/landry/.local/lib/python3.10/site-packages/pare/data/pare/checkpoints/pare_w_3dpw_checkpoint.ckpt
2024-04-26 11:30:20.636 | WARNING  | pare.utils.train_utils:load_pretrained_model:45 - Removing "model." keyword from state_dict keys..
2024-04-26 11:30:20.684 | INFO     | psypose.run_pare:_load_pretrained_model:120 - Loaded pretrained weights from "/safestore/users/landry/.local/lib/python3.10/site-packages/pare/data/pare/checkpoints/pare_w_3dpw_checkpoint.ckpt"
2024-04-26 11:30:20.688 | INFO     | psypose.pose_estimation:estimate_pose:258 - Input video number of frames 570
2024-04-26 11:30:42.590 | INFO     | psypose.run_pare:run_on_video:291 - Running PARE on each tracklet...
2024-04-26 11:30:49.007 | INFO     | psypose.run_pare:run_on_video:363 - Running smoothing on person 1, min_cutoff: 0.004, beta: 0.7
2024-04-26 11:30:50.972 | INFO     | psypose.run_pare:run_on_video:374 - Converting smpl keypoints 2d to original image coordinate
2024-04-26 11:30:50.976 | INFO     | psypose.pose_estimation:estimate_pose:292 - PARE FPS: 67.98
2024-04-26 11:30:50.977 | INFO     | psypose.pose_estimation:estimate_pose:294 - Total time spent: 30.29 seconds (including model loading time).
2024-04-26 11:30:50.977 | INFO     | psypose.pose_estimation:estimate_pose:295 - Total FPS (including model loading time): 18.82.
2024-04-26 11:31:44.921 | INFO     | psypose.pose_estimation:estimate_pose:252 - Demo options: 
 Namespace(save_vertices=False, cfg='/safestore/users/landry/.local/lib/python3.10/site-packages/pare/data/pare/checkpoints/pare_w_3dpw_config.yaml', ckpt='/safestore/users/landry/.local/lib/python3.10/site-packages/pare/data/pare/checkpoints/pare_w_3dpw_checkpoint.ckpt', exp='', mode='video', vid_file=None, image_folder=None, output_folder='logs/demo/demo_results', tracking_method='bbox', detector='yolo', yolo_img_size=416, tracker_batch_size=12, staf_dir='/home/mkocabas/developments/openposetrack', batch_size=4, display=False, smooth=True, min_cutoff=0.004, beta=0.7, no_render=True, no_save=True, wireframe=False, sideview=False, draw_keypoints=False, save_obj=False, shot_detection=True, static_cam=True, expected_n_people=None)
2024-04-26 11:31:45.145 | INFO     | pare.models.backbone.hrnet:init_weights:530 - => init weights from normal distribution
2024-04-26 11:31:45.275 | WARNING  | pare.models.backbone.hrnet:init_weights:558 - IMPORTANT WARNING!! Please download pre-trained models if you are in TRAINING mode!
2024-04-26 11:31:45.276 | INFO     | pare.models.head.pare_head:__init__:125 - "Keypoint Attention" should be activated to be able to use part segmentation
2024-04-26 11:31:45.276 | INFO     | pare.models.head.pare_head:__init__:126 - Overriding use_keypoint_attention
2024-04-26 11:31:45.286 | INFO     | pare.models.head.pare_head:__init__:327 - Keypoint attention is active
2024-04-26 11:31:46.190 | INFO     | psypose.run_pare:_load_pretrained_model:117 - Loading pretrained model from /safestore/users/landry/.local/lib/python3.10/site-packages/pare/data/pare/checkpoints/pare_w_3dpw_checkpoint.ckpt
2024-04-26 11:31:46.684 | WARNING  | pare.utils.train_utils:load_pretrained_model:45 - Removing "model." keyword from state_dict keys..
2024-04-26 11:31:46.734 | INFO     | psypose.run_pare:_load_pretrained_model:120 - Loaded pretrained weights from "/safestore/users/landry/.local/lib/python3.10/site-packages/pare/data/pare/checkpoints/pare_w_3dpw_checkpoint.ckpt"
2024-04-26 11:31:46.738 | INFO     | psypose.pose_estimation:estimate_pose:258 - Input video number of frames 570
2024-04-26 11:32:08.794 | INFO     | psypose.run_pare:run_on_video:291 - Running PARE on each tracklet...
2024-04-26 11:32:15.021 | INFO     | psypose.run_pare:run_on_video:363 - Running smoothing on person 1, min_cutoff: 0.004, beta: 0.7
2024-04-26 11:32:16.893 | INFO     | psypose.run_pare:run_on_video:374 - Converting smpl keypoints 2d to original image coordinate
2024-04-26 11:32:16.897 | INFO     | psypose.pose_estimation:estimate_pose:292 - PARE FPS: 70.35
2024-04-26 11:32:16.898 | INFO     | psypose.pose_estimation:estimate_pose:294 - Total time spent: 30.16 seconds (including model loading time).
2024-04-26 11:32:16.898 | INFO     | psypose.pose_estimation:estimate_pose:295 - Total FPS (including model loading time): 18.90.
2024-04-26 11:32:53.617 | INFO     | psypose.pose_estimation:estimate_pose:252 - Demo options: 
 Namespace(save_vertices=False, cfg='/safestore/users/landry/.local/lib/python3.10/site-packages/pare/data/pare/checkpoints/pare_w_3dpw_config.yaml', ckpt='/safestore/users/landry/.local/lib/python3.10/site-packages/pare/data/pare/checkpoints/pare_w_3dpw_checkpoint.ckpt', exp='', mode='video', vid_file=None, image_folder=None, output_folder='logs/demo/demo_results', tracking_method='bbox', detector='yolo', yolo_img_size=416, tracker_batch_size=12, staf_dir='/home/mkocabas/developments/openposetrack', batch_size=4, display=False, smooth=True, min_cutoff=0.004, beta=0.7, no_render=True, no_save=True, wireframe=False, sideview=False, draw_keypoints=False, save_obj=False, shot_detection=True, static_cam=True, expected_n_people=None)
2024-04-26 11:32:53.841 | INFO     | pare.models.backbone.hrnet:init_weights:530 - => init weights from normal distribution
2024-04-26 11:32:53.971 | WARNING  | pare.models.backbone.hrnet:init_weights:558 - IMPORTANT WARNING!! Please download pre-trained models if you are in TRAINING mode!
2024-04-26 11:32:53.972 | INFO     | pare.models.head.pare_head:__init__:125 - "Keypoint Attention" should be activated to be able to use part segmentation
2024-04-26 11:32:53.972 | INFO     | pare.models.head.pare_head:__init__:126 - Overriding use_keypoint_attention
2024-04-26 11:32:53.982 | INFO     | pare.models.head.pare_head:__init__:327 - Keypoint attention is active
2024-04-26 11:32:54.874 | INFO     | psypose.run_pare:_load_pretrained_model:117 - Loading pretrained model from /safestore/users/landry/.local/lib/python3.10/site-packages/pare/data/pare/checkpoints/pare_w_3dpw_checkpoint.ckpt
2024-04-26 11:32:55.363 | WARNING  | pare.utils.train_utils:load_pretrained_model:45 - Removing "model." keyword from state_dict keys..
2024-04-26 11:32:55.411 | INFO     | psypose.run_pare:_load_pretrained_model:120 - Loaded pretrained weights from "/safestore/users/landry/.local/lib/python3.10/site-packages/pare/data/pare/checkpoints/pare_w_3dpw_checkpoint.ckpt"
2024-04-26 11:32:55.415 | INFO     | psypose.pose_estimation:estimate_pose:258 - Input video number of frames 570
2024-04-26 11:33:17.624 | INFO     | psypose.run_pare:run_on_video:291 - Running PARE on each tracklet...
2024-04-26 11:33:23.957 | INFO     | psypose.run_pare:run_on_video:363 - Running smoothing on person 1, min_cutoff: 0.004, beta: 0.7
2024-04-26 11:33:25.928 | INFO     | psypose.run_pare:run_on_video:374 - Converting smpl keypoints 2d to original image coordinate
2024-04-26 11:33:25.932 | INFO     | psypose.pose_estimation:estimate_pose:292 - PARE FPS: 68.62
2024-04-26 11:33:25.932 | INFO     | psypose.pose_estimation:estimate_pose:294 - Total time spent: 30.52 seconds (including model loading time).
2024-04-26 11:33:25.932 | INFO     | psypose.pose_estimation:estimate_pose:295 - Total FPS (including model loading time): 18.68.
