2024-04-18 16:20:11.075 | INFO     | psypose.pose_estimation:estimate_pose:247 - Demo options: 
 Namespace(save_vertices=False, cfg='/safestore/users/landry/.local/lib/python3.10/site-packages/pare/data/pare/checkpoints/pare_w_3dpw_config.yaml', ckpt='/safestore/users/landry/.local/lib/python3.10/site-packages/pare/data/pare/checkpoints/pare_w_3dpw_checkpoint.ckpt', exp='', mode='video', vid_file=None, image_folder=None, output_folder='logs/demo/demo_results', tracking_method='bbox', detector='yolo', yolo_img_size=416, tracker_batch_size=12, staf_dir='/home/mkocabas/developments/openposetrack', batch_size=16, display=False, smooth=True, min_cutoff=0.004, beta=0.7, no_render=True, no_save=True, wireframe=False, sideview=False, draw_keypoints=False, save_obj=False, shot_detection=True, static_cam=True, expected_n_people=None)
2024-04-18 16:20:11.262 | INFO     | pare.models.backbone.hrnet:init_weights:530 - => init weights from normal distribution
2024-04-18 16:20:11.396 | WARNING  | pare.models.backbone.hrnet:init_weights:558 - IMPORTANT WARNING!! Please download pre-trained models if you are in TRAINING mode!
2024-04-18 16:20:11.396 | INFO     | pare.models.head.pare_head:__init__:125 - "Keypoint Attention" should be activated to be able to use part segmentation
2024-04-18 16:20:11.397 | INFO     | pare.models.head.pare_head:__init__:126 - Overriding use_keypoint_attention
2024-04-18 16:20:11.404 | INFO     | pare.models.head.pare_head:__init__:327 - Keypoint attention is active
2024-04-18 16:20:11.570 | INFO     | psypose.run_pare:_load_pretrained_model:117 - Loading pretrained model from /safestore/users/landry/.local/lib/python3.10/site-packages/pare/data/pare/checkpoints/pare_w_3dpw_checkpoint.ckpt
2024-04-18 16:20:11.925 | WARNING  | pare.utils.train_utils:load_pretrained_model:45 - Removing "model." keyword from state_dict keys..
2024-04-18 16:20:11.972 | INFO     | psypose.run_pare:_load_pretrained_model:120 - Loaded pretrained weights from "/safestore/users/landry/.local/lib/python3.10/site-packages/pare/data/pare/checkpoints/pare_w_3dpw_checkpoint.ckpt"
2024-04-18 16:20:11.977 | INFO     | psypose.pose_estimation:estimate_pose:253 - Input video number of frames 120582
2024-04-18 16:20:12.564 | INFO     | psypose.run_pare:run_on_video:291 - Running PARE on each tracklet...
2024-04-18 20:43:25.888 | INFO     | psypose.pose_estimation:estimate_pose:247 - Demo options: 
 Namespace(save_vertices=False, cfg='/safestore/users/landry/.local/lib/python3.10/site-packages/pare/data/pare/checkpoints/pare_w_3dpw_config.yaml', ckpt='/safestore/users/landry/.local/lib/python3.10/site-packages/pare/data/pare/checkpoints/pare_w_3dpw_checkpoint.ckpt', exp='', mode='video', vid_file=None, image_folder=None, output_folder='logs/demo/demo_results', tracking_method='bbox', detector='yolo', yolo_img_size=416, tracker_batch_size=12, staf_dir='/home/mkocabas/developments/openposetrack', batch_size=16, display=False, smooth=True, min_cutoff=0.004, beta=0.7, no_render=True, no_save=True, wireframe=False, sideview=False, draw_keypoints=False, save_obj=False, shot_detection=True, static_cam=True, expected_n_people=None)
2024-04-18 20:43:26.111 | INFO     | pare.models.backbone.hrnet:init_weights:530 - => init weights from normal distribution
2024-04-18 20:43:26.243 | WARNING  | pare.models.backbone.hrnet:init_weights:558 - IMPORTANT WARNING!! Please download pre-trained models if you are in TRAINING mode!
2024-04-18 20:43:26.243 | INFO     | pare.models.head.pare_head:__init__:125 - "Keypoint Attention" should be activated to be able to use part segmentation
2024-04-18 20:43:26.243 | INFO     | pare.models.head.pare_head:__init__:126 - Overriding use_keypoint_attention
2024-04-18 20:43:26.253 | INFO     | pare.models.head.pare_head:__init__:327 - Keypoint attention is active
2024-04-18 20:43:27.170 | INFO     | psypose.run_pare:_load_pretrained_model:117 - Loading pretrained model from /safestore/users/landry/.local/lib/python3.10/site-packages/pare/data/pare/checkpoints/pare_w_3dpw_checkpoint.ckpt
2024-04-18 20:43:27.667 | WARNING  | pare.utils.train_utils:load_pretrained_model:45 - Removing "model." keyword from state_dict keys..
2024-04-18 20:43:27.715 | INFO     | psypose.run_pare:_load_pretrained_model:120 - Loaded pretrained weights from "/safestore/users/landry/.local/lib/python3.10/site-packages/pare/data/pare/checkpoints/pare_w_3dpw_checkpoint.ckpt"
2024-04-18 20:43:27.719 | INFO     | psypose.pose_estimation:estimate_pose:253 - Input video number of frames 120582
2024-04-18 20:43:29.189 | INFO     | psypose.run_pare:run_on_video:291 - Running PARE on each tracklet...
