2024-04-29 16:33:14.186 | INFO     | psypose.pose_estimation:estimate_pose:252 - Demo options: 
 Namespace(save_vertices=False, cfg='/safestore/users/landry/.local/lib/python3.10/site-packages/pare/data/pare/checkpoints/pare_w_3dpw_config.yaml', ckpt='/safestore/users/landry/.local/lib/python3.10/site-packages/pare/data/pare/checkpoints/pare_w_3dpw_checkpoint.ckpt', exp='', mode='video', vid_file=None, image_folder=None, output_folder='logs/demo/demo_results', tracking_method='bbox', detector='yolo', yolo_img_size=416, tracker_batch_size=12, staf_dir='/home/mkocabas/developments/openposetrack', batch_size=4, display=False, smooth=True, min_cutoff=0.004, beta=0.7, no_render=True, no_save=True, wireframe=False, sideview=False, draw_keypoints=False, save_obj=False, shot_detection=True, static_cam=True, expected_n_people=None)
2024-04-29 16:33:14.359 | INFO     | pare.models.backbone.hrnet:init_weights:530 - => init weights from normal distribution
2024-04-29 16:33:14.491 | WARNING  | pare.models.backbone.hrnet:init_weights:558 - IMPORTANT WARNING!! Please download pre-trained models if you are in TRAINING mode!
2024-04-29 16:33:14.491 | INFO     | pare.models.head.pare_head:__init__:125 - "Keypoint Attention" should be activated to be able to use part segmentation
2024-04-29 16:33:14.491 | INFO     | pare.models.head.pare_head:__init__:126 - Overriding use_keypoint_attention
2024-04-29 16:33:14.499 | INFO     | pare.models.head.pare_head:__init__:327 - Keypoint attention is active
2024-04-29 16:33:14.610 | INFO     | psypose.run_pare:_load_pretrained_model:117 - Loading pretrained model from /safestore/users/landry/.local/lib/python3.10/site-packages/pare/data/pare/checkpoints/pare_w_3dpw_checkpoint.ckpt
2024-04-29 16:33:15.139 | WARNING  | pare.utils.train_utils:load_pretrained_model:45 - Removing "model." keyword from state_dict keys..
2024-04-29 16:33:15.190 | INFO     | psypose.run_pare:_load_pretrained_model:120 - Loaded pretrained weights from "/safestore/users/landry/.local/lib/python3.10/site-packages/pare/data/pare/checkpoints/pare_w_3dpw_checkpoint.ckpt"
2024-04-29 16:33:15.195 | INFO     | psypose.pose_estimation:estimate_pose:258 - Input video number of frames 1199
2024-04-29 16:34:02.361 | INFO     | psypose.run_pare:run_on_video:291 - Running PARE on each tracklet...
2024-04-29 16:34:15.301 | INFO     | psypose.run_pare:run_on_video:363 - Running smoothing on person 4, min_cutoff: 0.004, beta: 0.7
2024-04-29 16:34:19.202 | INFO     | psypose.run_pare:run_on_video:374 - Converting smpl keypoints 2d to original image coordinate
2024-04-29 16:34:31.725 | INFO     | psypose.run_pare:run_on_video:363 - Running smoothing on person 3, min_cutoff: 0.004, beta: 0.7
2024-04-29 16:34:35.689 | INFO     | psypose.run_pare:run_on_video:374 - Converting smpl keypoints 2d to original image coordinate
2024-04-29 16:34:36.480 | INFO     | psypose.run_pare:run_on_video:363 - Running smoothing on person 5, min_cutoff: 0.004, beta: 0.7
2024-04-29 16:34:36.634 | INFO     | psypose.run_pare:run_on_video:374 - Converting smpl keypoints 2d to original image coordinate
2024-04-29 16:34:37.281 | INFO     | psypose.run_pare:run_on_video:363 - Running smoothing on person 6, min_cutoff: 0.004, beta: 0.7
2024-04-29 16:34:37.396 | INFO     | psypose.run_pare:run_on_video:374 - Converting smpl keypoints 2d to original image coordinate
2024-04-29 16:34:37.402 | INFO     | psypose.pose_estimation:estimate_pose:292 - PARE FPS: 34.22
2024-04-29 16:34:37.403 | INFO     | psypose.pose_estimation:estimate_pose:294 - Total time spent: 82.21 seconds (including model loading time).
2024-04-29 16:34:37.403 | INFO     | psypose.pose_estimation:estimate_pose:295 - Total FPS (including model loading time): 14.59.
2024-04-29 16:53:58.753 | INFO     | psypose.pose_estimation:estimate_pose:252 - Demo options: 
 Namespace(save_vertices=False, cfg='/safestore/users/landry/.local/lib/python3.10/site-packages/pare/data/pare/checkpoints/pare_w_3dpw_config.yaml', ckpt='/safestore/users/landry/.local/lib/python3.10/site-packages/pare/data/pare/checkpoints/pare_w_3dpw_checkpoint.ckpt', exp='', mode='video', vid_file=None, image_folder=None, output_folder='logs/demo/demo_results', tracking_method='bbox', detector='yolo', yolo_img_size=416, tracker_batch_size=12, staf_dir='/home/mkocabas/developments/openposetrack', batch_size=4, display=False, smooth=True, min_cutoff=0.004, beta=0.7, no_render=True, no_save=True, wireframe=False, sideview=False, draw_keypoints=False, save_obj=False, shot_detection=True, static_cam=True, expected_n_people=None)
2024-04-29 16:53:58.941 | INFO     | pare.models.backbone.hrnet:init_weights:530 - => init weights from normal distribution
2024-04-29 16:53:59.073 | WARNING  | pare.models.backbone.hrnet:init_weights:558 - IMPORTANT WARNING!! Please download pre-trained models if you are in TRAINING mode!
2024-04-29 16:53:59.073 | INFO     | pare.models.head.pare_head:__init__:125 - "Keypoint Attention" should be activated to be able to use part segmentation
2024-04-29 16:53:59.073 | INFO     | pare.models.head.pare_head:__init__:126 - Overriding use_keypoint_attention
2024-04-29 16:53:59.083 | INFO     | pare.models.head.pare_head:__init__:327 - Keypoint attention is active
2024-04-29 16:53:59.227 | INFO     | psypose.run_pare:_load_pretrained_model:117 - Loading pretrained model from /safestore/users/landry/.local/lib/python3.10/site-packages/pare/data/pare/checkpoints/pare_w_3dpw_checkpoint.ckpt
2024-04-29 16:53:59.758 | WARNING  | pare.utils.train_utils:load_pretrained_model:45 - Removing "model." keyword from state_dict keys..
2024-04-29 16:53:59.805 | INFO     | psypose.run_pare:_load_pretrained_model:120 - Loaded pretrained weights from "/safestore/users/landry/.local/lib/python3.10/site-packages/pare/data/pare/checkpoints/pare_w_3dpw_checkpoint.ckpt"
2024-04-29 16:53:59.811 | INFO     | psypose.pose_estimation:estimate_pose:258 - Input video number of frames 1199
2024-04-29 16:54:00.439 | INFO     | psypose.run_pare:run_on_video:291 - Running PARE on each tracklet...
2024-04-29 16:54:13.012 | INFO     | psypose.run_pare:run_on_video:363 - Running smoothing on person 4, min_cutoff: 0.004, beta: 0.7
2024-04-29 16:54:17.138 | INFO     | psypose.run_pare:run_on_video:374 - Converting smpl keypoints 2d to original image coordinate
2024-04-29 16:54:29.988 | INFO     | psypose.run_pare:run_on_video:363 - Running smoothing on person 3, min_cutoff: 0.004, beta: 0.7
2024-04-29 16:54:34.011 | INFO     | psypose.run_pare:run_on_video:374 - Converting smpl keypoints 2d to original image coordinate
2024-04-29 16:54:34.016 | INFO     | psypose.pose_estimation:estimate_pose:292 - PARE FPS: 35.71
2024-04-29 16:54:34.016 | INFO     | psypose.pose_estimation:estimate_pose:294 - Total time spent: 34.21 seconds (including model loading time).
2024-04-29 16:54:34.016 | INFO     | psypose.pose_estimation:estimate_pose:295 - Total FPS (including model loading time): 35.05.
2024-04-29 17:06:41.132 | INFO     | psypose.pose_estimation:estimate_pose:252 - Demo options: 
 Namespace(save_vertices=False, cfg='/safestore/users/landry/.local/lib/python3.10/site-packages/pare/data/pare/checkpoints/pare_w_3dpw_config.yaml', ckpt='/safestore/users/landry/.local/lib/python3.10/site-packages/pare/data/pare/checkpoints/pare_w_3dpw_checkpoint.ckpt', exp='', mode='video', vid_file=None, image_folder=None, output_folder='logs/demo/demo_results', tracking_method='bbox', detector='yolo', yolo_img_size=416, tracker_batch_size=12, staf_dir='/home/mkocabas/developments/openposetrack', batch_size=4, display=False, smooth=True, min_cutoff=0.004, beta=0.7, no_render=True, no_save=True, wireframe=False, sideview=False, draw_keypoints=False, save_obj=False, shot_detection=True, static_cam=True, expected_n_people=None)
2024-04-29 17:06:41.342 | INFO     | pare.models.backbone.hrnet:init_weights:530 - => init weights from normal distribution
2024-04-29 17:06:41.470 | WARNING  | pare.models.backbone.hrnet:init_weights:558 - IMPORTANT WARNING!! Please download pre-trained models if you are in TRAINING mode!
2024-04-29 17:06:41.471 | INFO     | pare.models.head.pare_head:__init__:125 - "Keypoint Attention" should be activated to be able to use part segmentation
2024-04-29 17:06:41.471 | INFO     | pare.models.head.pare_head:__init__:126 - Overriding use_keypoint_attention
2024-04-29 17:06:41.481 | INFO     | pare.models.head.pare_head:__init__:327 - Keypoint attention is active
2024-04-29 17:06:41.630 | INFO     | psypose.run_pare:_load_pretrained_model:116 - Loading pretrained model from /safestore/users/landry/.local/lib/python3.10/site-packages/pare/data/pare/checkpoints/pare_w_3dpw_checkpoint.ckpt
2024-04-29 17:06:42.150 | WARNING  | pare.utils.train_utils:load_pretrained_model:45 - Removing "model." keyword from state_dict keys..
2024-04-29 17:06:42.198 | INFO     | psypose.run_pare:_load_pretrained_model:119 - Loaded pretrained weights from "/safestore/users/landry/.local/lib/python3.10/site-packages/pare/data/pare/checkpoints/pare_w_3dpw_checkpoint.ckpt"
2024-04-29 17:06:42.202 | INFO     | psypose.pose_estimation:estimate_pose:258 - Input video number of frames 1199
2024-04-29 17:06:42.835 | INFO     | psypose.run_pare:run_on_video:290 - Running PARE on each tracklet...
2024-04-29 17:06:55.450 | INFO     | psypose.run_pare:run_on_video:362 - Running smoothing on person 4, min_cutoff: 0.004, beta: 0.7
2024-04-29 17:06:59.568 | INFO     | psypose.run_pare:run_on_video:373 - Converting smpl keypoints 2d to original image coordinate
2024-04-29 17:07:12.356 | INFO     | psypose.run_pare:run_on_video:362 - Running smoothing on person 3, min_cutoff: 0.004, beta: 0.7
2024-04-29 17:07:16.353 | INFO     | psypose.run_pare:run_on_video:373 - Converting smpl keypoints 2d to original image coordinate
2024-04-29 17:07:16.358 | INFO     | psypose.pose_estimation:estimate_pose:293 - PARE FPS: 35.77
2024-04-29 17:07:16.358 | INFO     | psypose.pose_estimation:estimate_pose:295 - Total time spent: 34.16 seconds (including model loading time).
2024-04-29 17:07:16.358 | INFO     | psypose.pose_estimation:estimate_pose:296 - Total FPS (including model loading time): 35.10.
2024-04-30 09:21:54.454 | INFO     | psypose.pose_estimation:estimate_pose:252 - Demo options: 
 Namespace(save_vertices=False, cfg='/safestore/users/landry/.local/lib/python3.10/site-packages/pare/data/pare/checkpoints/pare_w_3dpw_config.yaml', ckpt='/safestore/users/landry/.local/lib/python3.10/site-packages/pare/data/pare/checkpoints/pare_w_3dpw_checkpoint.ckpt', exp='', mode='video', vid_file=None, image_folder=None, output_folder='logs/demo/demo_results', tracking_method='bbox', detector='yolo', yolo_img_size=416, tracker_batch_size=12, staf_dir='/home/mkocabas/developments/openposetrack', batch_size=4, display=False, smooth=True, min_cutoff=0.004, beta=0.7, no_render=True, no_save=True, wireframe=False, sideview=False, draw_keypoints=False, save_obj=False, shot_detection=True, static_cam=True, expected_n_people=None)
2024-04-30 09:21:54.638 | INFO     | pare.models.backbone.hrnet:init_weights:530 - => init weights from normal distribution
2024-04-30 09:21:54.766 | WARNING  | pare.models.backbone.hrnet:init_weights:558 - IMPORTANT WARNING!! Please download pre-trained models if you are in TRAINING mode!
2024-04-30 09:21:54.766 | INFO     | pare.models.head.pare_head:__init__:125 - "Keypoint Attention" should be activated to be able to use part segmentation
2024-04-30 09:21:54.766 | INFO     | pare.models.head.pare_head:__init__:126 - Overriding use_keypoint_attention
2024-04-30 09:21:54.776 | INFO     | pare.models.head.pare_head:__init__:327 - Keypoint attention is active
2024-04-30 09:21:54.919 | INFO     | psypose.run_pare:_load_pretrained_model:116 - Loading pretrained model from /safestore/users/landry/.local/lib/python3.10/site-packages/pare/data/pare/checkpoints/pare_w_3dpw_checkpoint.ckpt
2024-04-30 09:21:55.417 | WARNING  | pare.utils.train_utils:load_pretrained_model:45 - Removing "model." keyword from state_dict keys..
2024-04-30 09:21:55.460 | INFO     | psypose.run_pare:_load_pretrained_model:119 - Loaded pretrained weights from "/safestore/users/landry/.local/lib/python3.10/site-packages/pare/data/pare/checkpoints/pare_w_3dpw_checkpoint.ckpt"
2024-04-30 09:21:55.467 | INFO     | psypose.pose_estimation:estimate_pose:258 - Input video number of frames 1199
2024-04-30 09:21:56.089 | INFO     | psypose.run_pare:run_on_video:290 - Running PARE on each tracklet...
2024-04-30 09:22:08.652 | INFO     | psypose.run_pare:run_on_video:362 - Running smoothing on person 4, min_cutoff: 0.004, beta: 0.7
2024-04-30 09:22:12.584 | INFO     | psypose.run_pare:run_on_video:373 - Converting smpl keypoints 2d to original image coordinate
2024-04-30 09:22:24.880 | INFO     | psypose.run_pare:run_on_video:362 - Running smoothing on person 3, min_cutoff: 0.004, beta: 0.7
2024-04-30 09:22:29.274 | INFO     | psypose.run_pare:run_on_video:373 - Converting smpl keypoints 2d to original image coordinate
2024-04-30 09:22:29.280 | INFO     | psypose.pose_estimation:estimate_pose:293 - PARE FPS: 36.13
2024-04-30 09:22:29.281 | INFO     | psypose.pose_estimation:estimate_pose:295 - Total time spent: 33.81 seconds (including model loading time).
2024-04-30 09:22:29.281 | INFO     | psypose.pose_estimation:estimate_pose:296 - Total FPS (including model loading time): 35.46.
